[
    "app:card:generate",
    "app:database:init",
    "cache:clear"
]
