[
    "App\\Domain\\Card\\GenerateCard\\GenerateCard"
]
