{
    "commandName": "App.Tests.Infrastructure.CQRS.TestCommand",
    "payload": {
        "metadata": {
            "key": "value"
        }
    }
}
