{
    "eventName": "App.Tests.Infrastructure.Eventing.TestEvent",
    "payload": {
        "id": "1"
    }
}
