[
    "App\\Console\\AmqpConsumeConsoleCommand",
    "App\\Console\\CacheClearConsoleCommand",
    "App\\Console\\GenerateCardConsoleCommand",
    "App\\Console\\InitializeDatabaseConsoleCommand"
]
